🚀 Оғози раванди тавлид ва санҷиши контент...

--- Кӯшиши 1/5 ---
💡 Модули 1: Тӯли гипотеза ва промпти нав...
📌 Мавзӯъ: Counterfactual Role Reversal with Self-Critique
⚡ Модули 2: Санҷиши амалӣ дар API...
   🧪 Санҷиши амалии промпти оддӣ...
   🔬 Санҷиши амалии трюки нав...
📊 Модули 3: Таҳлили дақиқии натиҷаҳо...
📈 Баҳои сифат: 30/100 | Тасдиқ: False
❌ Идея рад шуд (Баҳо: 30). Сабаб: The tested output is incomplete, cutting off mid-sentence in Part 1, and does not include the required role reversal (skeptical CFO critique) or the neutral consultant's revised ROI calculation and recommendation. The baseline output is also truncated but appears to perform similar calculations. The tested prompt failed to deliver the promised multi-perspective analysis due to truncation, making it unusable. No evidence of outperforming the baseline; both are incomplete. The technique's potential is not realized in this test.

--- Кӯшиши 2/5 ---
💡 Модули 1: Тӯли гипотеза ва промпти нав...
📌 Мавзӯъ: Counterfactual Persona Debate (CPD)
⚡ Модули 2: Санҷиши амалӣ дар API...
   🧪 Санҷиши амалии промпти оддӣ...
   🔬 Санҷиши амалии трюки нав...
📊 Модули 3: Таҳлили дақиқии натиҷаҳо...
📈 Баҳои сифат: 72/100 | Тасдиқ: True
❌ Идея рад шуд (Баҳо: 72). Сабаб: The tested prompt (Counterfactual Persona Debate) produced a structured debate format that explicitly separates optimist and skeptic arguments, followed by a moderator synthesis and verdict. Compared to the baseline output, which is a direct recommendation with reasoning but no formal debate structure, the tested output demonstrates reduced anchoring on the first plausible answer by forcing consideration of opposing views. However, both outputs appear truncated in the provided text, limiting full assessment of the final synthesis and verdict. The tested output shows clear adherence to the prompt steps (persona arguments with concrete examples), but the baseline also provides strong reasoning and data-driven analysis. The improvement is moderate: the debate structure surfaces assumptions and disagreements more explicitly, but the practical value is somewhat limited because the output is incomplete and the technique may not drastically outperform a well-crafted single-prompt analysis. Novelty is moderate—structured debates are a known technique in prompt engineering, though the counterfactual persona framing adds a slight twist.

--- Кӯшиши 3/5 ---
💡 Модули 1: Тӯли гипотеза ва промпти нав...
📌 Мавзӯъ: Adversarial Role Reversal (ARR): Simulating Stakeholder Conflict to Expose Hidden Assumptions
⚡ Модули 2: Санҷиши амалӣ дар API...
   🧪 Санҷиши амалии промпти оддӣ...
   🔬 Санҷиши амалии трюки нав...
📊 Модули 3: Таҳлили дақиқии натиҷаҳо...
📈 Баҳои сифат: 78/100 | Тасдиқ: True
❌ Идея рад шуд (Баҳо: 78). Сабаб: The tested prompt (ARR) produced a structured multi-perspective debate that surfaces stakeholder conflict, whereas the baseline output delivered a single, one-sided recommendation against the feature. The ARR output explicitly separates PM and SE positions, includes rebuttals, and is designed to extract hidden assumptions and trade-offs. This demonstrates clear superiority in balance and depth of analysis. However, the provided tested output is truncated mid-sentence, preventing full evaluation of the final synthesis and hidden assumptions. The baseline also appears truncated. Based on available text, ARR shows strong potential for exposing assumptions and trade-offs through forced adversarial roles, but practical value is slightly limited by the truncated output and the technique's overhead (longer prompts, more tokens). Novelty is moderate: role-play and debate prompting exist, but the structured ARR format with explicit hidden assumptions and trade-offs is a useful refinement. Overall, a valid and useful technique with room for improvement in completeness and efficiency.

--- Кӯшиши 4/5 ---
💡 Модули 1: Тӯли гипотеза ва промпти нав...
📌 Мавзӯъ: Self-Discovering Constraint Graph (SDCG): Uncovering hidden dependencies before solving
⚡ Модули 2: Санҷиши амалӣ дар API...
   🧪 Санҷиши амалии промпти оддӣ...
   🔬 Санҷиши амалии трюки нав...
📊 Модули 3: Таҳлили дақиқии натиҷаҳо...
📈 Баҳои сифат: 45/100 | Тасдиқ: False
❌ Идея рад шуд (Баҳо: 45). Сабаб: The 'Tested Output' is incomplete—it cuts off mid-sentence during Step 4 ('Optimal Sch'). It provides no schedule, start/end times, or makespan, so it cannot be evaluated as a solution. The baseline output, although also truncated, at least begins constructing a timeline and reasoning about the schedule. The tested technique's hypothesis (that SDCG would outperform baseline) is therefore unsupported by the provided evidence. The prompt itself is well-structured and the constraint graph step is a reasonable method, but the output fails to deliver any usable result. Without a complete schedule, the technique cannot be judged as superior or practically valuable.

--- Кӯшиши 5/5 ---
💡 Модули 1: Тӯли гипотеза ва промпти нав...
📌 Мавзӯъ: Temporal Role Reversal with Forced Disagreement (TRRD)
⚡ Модули 2: Санҷиши амалӣ дар API...
   🧪 Санҷиши амалии промпти оддӣ...
   🔬 Санҷиши амалии трюки нав...
📊 Модули 3: Таҳлили дақиқии натиҷаҳо...
📈 Баҳои сифат: 65/100 | Тасдиқ: False
❌ Идея рад шуд (Баҳо: 65). Сабаб: The tested output is an incomplete debate transcript that cuts off mid-sentence, while the baseline provides a complete, structured analysis. Although the tested prompt introduces a novel technique (TRRD) that could reduce bias, the actual output does not fulfill the prompt's requirements (no synthesis, incomplete debate) and thus fails to demonstrate a significant improvement over the baseline. The baseline is coherent and directly answers the decision question, whereas the tested output is unusable in its current form.
⚠️ Баъди чанд кӯшиш контенти ба талабот ҷавобгӯ пайдо нашуд.
[main b582a1d] Verified Post: Chain of Contradiction: The Prompt Trick
 7 files changed, 137 insertions(+)
 create mode 100644 blog.log
 create mode 100644 posts/banner-chain-of-contradiction-prompt-technique.jpg
 create mode 100644 posts/cepochka-protivorechiy-prompt-tehnika-ru.html
 create mode 100644 posts/chain-of-contradiction-prompt-technique-en.html
 create mode 100644 replacements.txt
 create mode 100755 run.sh
fatal: The current branch main has no upstream branch.
To push the current branch and set the remote as upstream, use

    git push --set-upstream origin main

To have this happen automatically for branches without a tracking
upstream, see 'push.autoSetupRemote' in 'git help config'.

🚀 Оғози раванди тавлид ва санҷиши контент...

--- Кӯшиши 1/5 ---
💡 Модули 1: Тӯли гипотеза ва промпти нав...
📌 Мавзӯъ: Counterfactual Constraint Cascade (CCC): Forcing Robust Decision-Making via Iterative What-If Inversion
⚡ Модули 2: Санҷиши амалӣ дар API...
   🧪 Санҷиши амалии промпти оддӣ...
   🔬 Санҷиши амалии трюки нав...
📊 Модули 3: Таҳлили дақиқии натиҷаҳо...
📈 Баҳои сифат: 72/100 | Тасдиқ: True
❌ Идея рад шуд (Баҳо: 72). Сабаб: The tested prompt (CCC) produced a more structured and nuanced output compared to the baseline, but the comparison is incomplete because the baseline output is truncated. The baseline already recommended a staged pilot (a form of conditional go), while the CCC output explicitly labels it 'CONDITIONAL GO' and introduces a table format for rationale. The CCC's Step 2 and Step 3 (counterfactual inversions and adaptive recommendation) are not shown in the tested output, so the full impact of the technique cannot be evaluated. However, based on Step 1 alone, CCC shows promise in forcing systematic risk consideration, though the improvement over baseline is modest. The baseline's rationale is also robust, indicating that simple prompts can yield similar insights. The novelty of CCC is moderate—iterative what-if analysis is not new, but its structured application to decision-making is somewhat unique. Practical value is high for strategic decisions, but the test output lacks the critical inversion steps, limiting the evidence of its effectiveness.

--- Кӯшиши 2/5 ---
💡 Модули 1: Тӯли гипотеза ва промпти нав...
📌 Мавзӯъ: Chain of Contradiction (CoC): Self-Refutation for Robust Decision Making
⚡ Модули 2: Санҷиши амалӣ дар API...
   🧪 Санҷиши амалии промпти оддӣ...
   🔬 Санҷиши амалии трюки нав...
📊 Модули 3: Таҳлили дақиқии натиҷаҳо...
📈 Баҳои сифат: 88/100 | Тасдиқ: True
✅ Идея аз санҷиши сифат гузашт! Гузариш ба марҳилаи нашр...
✍️ Модули 4: Навиштани мақолаи тасдиқшуда (EN & RU)...
🎨 Модули 5: Сохтани баннер ва файлҳои HTML...
📤 Ирсол ба GitHub...
🎉 Мақола бо муваффақият санҷида шуд ва нашр гардид!
